// Jest Snapshot v1, https://goo.gl/fbAQLP

exports[`CampaignChangesets renders 1`] = `
<div
  className="card"
>
  <div
    className="card-header"
  >
    <div
      className="form-inline"
    >
      Filter UI is WIP
      <label
        className="sr-only"
        htmlFor="changeset-state-filter"
      >
        State
      </label>
      <select
        className="form-control mx-2"
        id="changeset-state-filter"
        onChange={[Function]}
      >
        <option
          value=""
        >
          State
        </option>
        <option
          key="OPEN"
          value="OPEN"
        >
          Open
        </option>
        <option
          key="CLOSED"
          value="CLOSED"
        >
          Closed
        </option>
        <option
          key="MERGED"
          value="MERGED"
        >
          Merged
        </option>
        <option
          key="DELETED"
          value="DELETED"
        >
          Deleted
        </option>
      </select>
      <label
        className="sr-only"
        htmlFor="changeset-review-state-filter"
      >
        Review state
      </label>
      <select
        className="form-control mx-2"
        id="changeset-review-state-filter"
        onChange={[Function]}
      >
        <option
          value=""
        >
          Reviews
        </option>
        <option
          key="APPROVED"
          value="APPROVED"
        >
          Approved
        </option>
        <option
          key="CHANGES_REQUESTED"
          value="CHANGES_REQUESTED"
        >
          Changes requested
        </option>
        <option
          key="PENDING"
          value="PENDING"
        >
          Pending
        </option>
        <option
          key="COMMENTED"
          value="COMMENTED"
        >
          Commented
        </option>
        <option
          key="DISMISSED"
          value="DISMISSED"
        >
          Dismissed
        </option>
      </select>
      <label
        className="sr-only"
        htmlFor="changeset-check-state-filter"
      >
        Check state
      </label>
      <select
        className="form-control mx-2"
        id="changeset-check-state-filter"
        onChange={[Function]}
      >
        <option
          value=""
        >
          Checks
        </option>
        <option
          key="PENDING"
          value="PENDING"
        >
          Pending
        </option>
        <option
          key="PASSED"
          value="PASSED"
        >
          Passed
        </option>
        <option
          key="FAILED"
          value="FAILED"
        >
          Failed
        </option>
      </select>
      <div
        className="flex-1"
      />
    </div>
  </div>
  <div
    className="list-group list-group-flush position-relative"
  >
    <FilteredConnection
      className=""
      defaultFirst={15}
      hideSearch={true}
      history="[History]"
      listClassName="mb-0"
      location="[Location path=/]"
      noSummaryIfAllNodesVisible={true}
      nodeComponent={[Function]}
      nodeComponentProps={
        Object {
          "campaignUpdates": "[Subject]",
          "extensionInfo": Object {
            "extensionsController": undefined,
            "hoverifier": Object {
              "hoverState": Object {
                "actionsOrError": undefined,
                "highlightedRange": undefined,
                "hoverOverlayProps": undefined,
                "hoveredTokenElement": undefined,
                "selectedPosition": undefined,
              },
              "hoverStateUpdates": "[Subject]",
              "hoverify": [Function],
              "unsubscribe": [Function],
            },
          },
          "history": "[History]",
          "isLightTheme": true,
          "location": "[Location path=/]",
          "viewerCanAdminister": true,
        }
      }
      noun="changeset"
      pluralNoun="changesets"
      queryConnection={[Function]}
      useURLQuery={false}
    />
  </div>
</div>
`;
